                                                 2017 AHRQ MEPS DATA USERS WORKSHOP                                                1
                                     EXERCISE2.SAS: Antipsychotics Purchases and Expenses, 2014
                                      A SAMPLE DUMP FOR PMED RECORDS WITH ANTIPSYCHOTIC DRUGS

------------------------------------------------- PERSON ID (DUID + PID)=40097101 --------------------------------------------------

                            Obs       RXRECIDX          LINKIDX       TC1    TC1S1    RXXP14X    RXSF14X

                              1    400971010931001    400971010931    242     251      116.84     12.00 
                              2    400971010931002    400971010931    242     251      149.11     12.00 
                              3    400971010951001    400971010951    242     251       25.21     12.00 
                              4    400971010951002    400971010951    242     251       25.71     12.00 
                              5    400971010961001    400971010961    242     251        4.27      4.27 
                              6    400971010961002    400971010961    242     251        3.00      3.00 
                              7    400971011101001    400971011101    242     251      149.11     12.00 
                              8    400971011101002    400971011101    242     251      166.58     12.00 
                              9    400971011101003    400971011101    242     251      141.40     12.00 
                             10    400971011101004    400971011101    242     251      139.76     12.00 
                             11    400971011121001    400971011121    242     251       25.21     12.00 
                             12    400971011121002    400971011121    242     251       25.21     12.00 
                             13    400971011121003    400971011121    242     251       25.71     12.00 
                             14    400971011121004    400971011121    242     251       25.71     12.00 
                             15    400971011131001    400971011131    242     251        2.84      2.84 
                             16    400971011131002    400971011131    242     251        3.76      3.76 
                             17    400971011131003    400971011131    242     251        3.76      3.76 
                             18    400971011131004    400971011131    242     251        3.76      3.76 
                             19    400971011181001    400971011181    242     251      129.09     12.00 
                             20    400971011181002    400971011181    242     251      127.34     12.00 
                             21    400971011181003    400971011181    242     251      127.50     12.00 
                             22    400971011201001    400971011201    242     251       25.21     12.00 
                             23    400971011201002    400971011201    242     251       25.21     12.00 
                             24    400971011201003    400971011201    242     251       25.71     12.00 
                             25    400971011211001    400971011211    242     251        3.75      3.75 
                             26    400971011211002    400971011211    242     251        3.75      3.75 
                             27    400971011211003    400971011211    242     251        3.75      3.75 


------------------------------------------------- PERSON ID (DUID + PID)=40209101 --------------------------------------------------

                            Obs       RXRECIDX          LINKIDX       TC1    TC1S1    RXXP14X    RXSF14X

                             28    402091010121001    402091010121    242     251      998.99       0   


------------------------------------------------- PERSON ID (DUID + PID)=40224103 --------------------------------------------------

                            Obs       RXRECIDX          LINKIDX       TC1    TC1S1    RXXP14X    RXSF14X

                             29    402241030181001    402241030181    242     251        10         10  
                             30    402241030181002    402241030181    242     251        10         10  
                                                 2017 AHRQ MEPS DATA USERS WORKSHOP                                                2
                                     EXERCISE2.SAS: Antipsychotics Purchases and Expenses, 2014
                                A SAMPLE DUMP FOR PERSON-LEVEL EXPENDITURES FOR ANTIPSYCHOTIC DRUGS

                                          Obs    DUPERSID    _FREQ_         TOT       OOP

                                            1    40097101      27       1508.26    248.64
                                            2    40209101       1        998.99      0.00
                                            3    40224103       2         20.00     20.00
                                            4    40296102      10       4955.78      0.00
                                            5    40333103      36      14561.24    600.00
                                            6    40338102       1        791.67      0.00
                                            7    40342101       1          8.53      0.00
                                            8    40384102       4         81.40      4.00
                                            9    40481102       4         39.31     39.31
                                           10    40515103      12       6737.38      0.00
                                           11    40605101       7       7632.63     25.40
                                           12    40606101       2       1784.27     30.00
                                           13    40618102       7         57.88     54.34
                                           14    40652101       3        117.90    117.90
                                           15    40669102       7         77.81     51.64
                                           16    40673101       5      21875.25      0.00
                                           17    40736101       2       5258.85     40.00
                                           18    40769101      13         91.13     91.13
                                           19    40789101       1         12.29      5.00
                                           20    40789103      10       8199.90     35.27
                                           21    40802102      12        456.12     18.00
                                           22    40825101      10        232.40      2.40
                                           23    40862101      22       1101.08     16.80
                                           24    41017101       1          4.10      0.00
                                           25    41032103      20      16558.16    390.00
                                           26    41034104       6       5993.94      0.00
                                           27    41043101      13         78.00     78.00
                                           28    41051101       8       2724.29     80.00
                                           29    41113101       8       2310.00     20.40
                                           30    41130101       7        130.04     47.65
                                                 2017 AHRQ MEPS DATA USERS WORKSHOP                                                3
                                     EXERCISE2.SAS: Antipsychotics Purchases and Expenses, 2014
                                               SUPPORTING CROSSTABS FOR NEW VARIABLES

                                                         The FREQ Procedure

                                                                                           Cumulative    Cumulative
                SUB    N_PHRCHASE    TOT    OOP    THIRD_PAYER    Frequency     Percent     Frequency      Percent
                ---------------------------------------------------------------------------------------------------
                  1    >0            0      0      0                     1        0.00             1         0.00  
                  1    >0            >0     0      >0                  127        0.36           128         0.37  
                  1    >0            >0     >0     0                    45        0.13           173         0.50  
                  1    >0            >0     >0     >0                  281        0.81           454         1.30  
                  2    0             0      0      0                 34421       98.70         34875       100.00  
                                                 2017 AHRQ MEPS DATA USERS WORKSHOP                                                4
                                     EXERCISE2.SAS: Antipsychotics Purchases and Expenses, 2014
                                       RESULTS FROM PROC SURVEYMEANS WITH A DOMAIN STATEMENT

SUB VARNAME     VARLABEL                                      N          SUMWGT             SUM          STDDEV      MEAN    STDERR

 1  TOT         SUM OF PAYMENTS RXSF14X-RXOU14X(IMPUTED)    445       4,478,820  11,895,377,978   1,156,964,813  2,655.92    202.57
 1  N_PHRCHASE  # OF PURCHASES PER PERSON                   445       4,478,820      34,695,151       2,737,619      7.75      0.37
 1  OOP         AMOUNT PAID, SELF OR FAMILY (IMPUTED)       445       4,478,820     909,418,096     310,456,107    203.05     70.93
 1  THIRD_PAYER TOTAL-OOP                                   445       4,478,820  10,985,959,882   1,180,157,602  2,452.87    207.28
 2  TOT         SUM OF PAYMENTS RXSF14X-RXOU14X(IMPUTED) 32,717     313,961,603               0               0      0.00      0.00
 2  N_PHRCHASE  # OF PURCHASES PER PERSON                32,717     313,961,603               0               0      0.00      0.00
 2  OOP         AMOUNT PAID, SELF OR FAMILY (IMPUTED)    32,717     313,961,603               0               0      0.00      0.00
 2  THIRD_PAYER TOTAL-OOP                                32,717     313,961,603               0               0      0.00      0.00
                                                 2017 AHRQ MEPS DATA USERS WORKSHOP                                                5
                                     EXERCISE2.SAS: Antipsychotics Purchases and Expenses, 2014
                                       RESULTS FROM PROC SURVEYMEANS WITH A DOMAIN STATEMENT
                                 SUBSET THE ESTIMATES FOR PERSONS ONLY WITH 1+ ANTIPSYCHOTIC DRUGS

  VARNAME     VARLABEL                                      N          SUMWGT             SUM          STDDEV      MEAN    STDERR

  TOT         SUM OF PAYMENTS RXSF14X-RXOU14X(IMPUTED)    445       4,478,820  11,895,377,978   1,156,964,813  2,655.92    202.57
  N_PHRCHASE  # OF PURCHASES PER PERSON                   445       4,478,820      34,695,151       2,737,619      7.75      0.37
  OOP         AMOUNT PAID, SELF OR FAMILY (IMPUTED)       445       4,478,820     909,418,096     310,456,107    203.05     70.93
  THIRD_PAYER TOTAL-OOP                                   445       4,478,820  10,985,959,882   1,180,157,602  2,452.87    207.28
